mode: set
github.com/amandx36/Pipeline-Auditor/internal/storage/postgres/delivery.go:14.2,16.1 1 1
github.com/amandx36/Pipeline-Auditor/internal/storage/postgres/delivery.go:24.2,25.1 3 1
github.com/amandx36/Pipeline-Auditor/internal/storage/postgres/delivery.go:26.2,32.1 3 1
github.com/amandx36/Pipeline-Auditor/internal/storage/postgres/delivery.go:33.2,33.26 3 1
github.com/amandx36/Pipeline-Auditor/internal/storage/postgres/delivery.go:35.3,36.1 1 1
github.com/amandx36/Pipeline-Auditor/internal/storage/postgres/delivery.go:38.2,38.16 1 1
github.com/amandx36/Pipeline-Auditor/internal/storage/postgres/delivery.go:39.3,40.1 1 1
github.com/amandx36/Pipeline-Auditor/internal/storage/postgres/delivery.go:41.2,41.18 1 1
github.com/amandx36/Pipeline-Auditor/internal/storage/postgres/postgres.go:10.2,12.1 1 0
github.com/amandx36/Pipeline-Auditor/internal/client/collector.go:15.2,16.33 2 1
github.com/amandx36/Pipeline-Auditor/internal/client/collector.go:17.3,19.1 2 1
github.com/amandx36/Pipeline-Auditor/internal/client/collector.go:21.2,22.21 2 1
github.com/amandx36/Pipeline-Auditor/internal/client/collector.go:23.3,24.1 1 0
github.com/amandx36/Pipeline-Auditor/internal/client/collector.go:27.2,29.1 6 1
github.com/amandx36/Pipeline-Auditor/internal/client/collector.go:30.2,34.1 6 1
github.com/amandx36/Pipeline-Auditor/internal/client/collector.go:36.2,41.1 6 1
github.com/amandx36/Pipeline-Auditor/internal/client/collector.go:43.2,47.16 6 1
github.com/amandx36/Pipeline-Auditor/internal/client/collector.go:49.3,53.1 2 0
github.com/amandx36/Pipeline-Auditor/internal/client/collector.go:54.3,55.1 2 0
github.com/amandx36/Pipeline-Auditor/internal/client/collector.go:56.2,62.1 2 1
github.com/amandx36/Pipeline-Auditor/internal/client/collector.go:63.2,63.22 2 1
github.com/amandx36/Pipeline-Auditor/internal/client/collector.go:69.2,70.16 2 0
github.com/amandx36/Pipeline-Auditor/internal/client/collector.go:71.3,72.1 1 0
github.com/amandx36/Pipeline-Auditor/internal/client/collector.go:73.2,73.34 1 0
github.com/amandx36/Pipeline-Auditor/internal/client/connection.go:27.5,27.31 1 1
github.com/amandx36/Pipeline-Auditor/internal/client/connection.go:28.5,29.1 1 1
github.com/amandx36/Pipeline-Auditor/internal/client/connection.go:39.2,41.1 6 0
github.com/amandx36/Pipeline-Auditor/internal/client/connection.go:42.2,47.1 6 0
github.com/amandx36/Pipeline-Auditor/internal/client/connection.go:48.2,58.16 6 0
github.com/amandx36/Pipeline-Auditor/internal/client/connection.go:59.3,61.1 2 0
github.com/amandx36/Pipeline-Auditor/internal/client/connection.go:62.2,66.1 2 0
github.com/amandx36/Pipeline-Auditor/internal/client/connection.go:67.2,70.8 2 0
github.com/amandx36/Pipeline-Auditor/internal/client/connection.go:77.2,78.1 3 0
github.com/amandx36/Pipeline-Auditor/internal/client/connection.go:79.2,80.1 3 0
github.com/amandx36/Pipeline-Auditor/internal/client/connection.go:82.2,82.53 3 0
github.com/amandx36/Pipeline-Auditor/internal/client/connection.go:83.3,84.1 1 0
github.com/amandx36/Pipeline-Auditor/internal/client/connection.go:89.2,90.1 2 0
github.com/amandx36/Pipeline-Auditor/internal/client/connection.go:91.2,91.16 2 0
github.com/amandx36/Pipeline-Auditor/internal/client/connection.go:93.3,94.1 1 0
github.com/amandx36/Pipeline-Auditor/internal/client/connection.go:97.2,98.1 2 0
github.com/amandx36/Pipeline-Auditor/internal/client/connection.go:99.2,99.26 2 0
github.com/amandx36/Pipeline-Auditor/internal/client/connection.go:103.2,103.31 1 0
github.com/amandx36/Pipeline-Auditor/internal/client/connection.go:104.3,105.1 1 0
github.com/amandx36/Pipeline-Auditor/internal/client/connection.go:107.2,107.23 1 0
github.com/amandx36/Pipeline-Auditor/internal/client/mapper.go:14.2,16.26 1 1
github.com/amandx36/Pipeline-Auditor/internal/client/mapper.go:18.3,19.1 1 1
github.com/amandx36/Pipeline-Auditor/internal/client/mapper.go:22.2,51.1 1 1
github.com/amandx36/Pipeline-Auditor/internal/webhook/github/github_to_pipelineEvent.go:14.2,18.16 2 1
github.com/amandx36/Pipeline-Auditor/internal/webhook/github/github_to_pipelineEvent.go:19.3,20.1 1 1
github.com/amandx36/Pipeline-Auditor/internal/webhook/github/github_to_pipelineEvent.go:22.2,26.16 2 1
github.com/amandx36/Pipeline-Auditor/internal/webhook/github/github_to_pipelineEvent.go:27.3,28.1 1 0
github.com/amandx36/Pipeline-Auditor/internal/webhook/github/github_to_pipelineEvent.go:30.2,31.1 2 1
github.com/amandx36/Pipeline-Auditor/internal/webhook/github/github_to_pipelineEvent.go:32.2,32.43 2 1
github.com/amandx36/Pipeline-Auditor/internal/webhook/github/github_to_pipelineEvent.go:33.3,34.1 1 1
github.com/amandx36/Pipeline-Auditor/internal/webhook/github/github_to_pipelineEvent.go:36.2,52.8 1 1
github.com/amandx36/Pipeline-Auditor/internal/webhook/github/mainGitWebHook.go:20.2,25.1 1 0
github.com/amandx36/Pipeline-Auditor/internal/webhook/github/mainGitWebHook.go:37.2,38.16 2 1
github.com/amandx36/Pipeline-Auditor/internal/webhook/github/mainGitWebHook.go:39.3,43.1 2 0
github.com/amandx36/Pipeline-Auditor/internal/webhook/github/mainGitWebHook.go:46.2,47.1 2 1
github.com/amandx36/Pipeline-Auditor/internal/webhook/github/mainGitWebHook.go:49.2,49.33 2 1
github.com/amandx36/Pipeline-Auditor/internal/webhook/github/mainGitWebHook.go:50.3,55.1 3 0
github.com/amandx36/Pipeline-Auditor/internal/webhook/github/mainGitWebHook.go:57.2,58.22 2 1
github.com/amandx36/Pipeline-Auditor/internal/webhook/github/mainGitWebHook.go:59.3,63.1 2 1
github.com/amandx36/Pipeline-Auditor/internal/webhook/github/mainGitWebHook.go:64.2,65.16 2 1
github.com/amandx36/Pipeline-Auditor/internal/webhook/github/mainGitWebHook.go:66.3,71.1 3 1
github.com/amandx36/Pipeline-Auditor/internal/webhook/github/mainGitWebHook.go:72.2,72.12 1 1
github.com/amandx36/Pipeline-Auditor/internal/webhook/github/mainGitWebHook.go:73.3,78.1 3 1
github.com/amandx36/Pipeline-Auditor/internal/webhook/github/mainGitWebHook.go:81.2,82.1 2 1
github.com/amandx36/Pipeline-Auditor/internal/webhook/github/mainGitWebHook.go:83.2,83.55 2 1
github.com/amandx36/Pipeline-Auditor/internal/webhook/github/mainGitWebHook.go:84.3,88.1 2 1
github.com/amandx36/Pipeline-Auditor/internal/webhook/github/mainGitWebHook.go:91.2,91.47 1 1
github.com/amandx36/Pipeline-Auditor/internal/webhook/github/mainGitWebHook.go:92.3,98.1 3 1
github.com/amandx36/Pipeline-Auditor/internal/webhook/github/mainGitWebHook.go:101.2,102.48 1 1
github.com/amandx36/Pipeline-Auditor/internal/webhook/github/mainGitWebHook.go:103.3,104.44 2 1
github.com/amandx36/Pipeline-Auditor/internal/webhook/github/mainGitWebHook.go:105.4,106.1 1 1
github.com/amandx36/Pipeline-Auditor/internal/webhook/github/mainGitWebHook.go:107.3,108.1 3 1
github.com/amandx36/Pipeline-Auditor/internal/webhook/github/mainGitWebHook.go:109.3,113.9 3 1
github.com/amandx36/Pipeline-Auditor/internal/webhook/github/mainGitWebHook.go:117.2,118.16 2 1
github.com/amandx36/Pipeline-Auditor/internal/webhook/github/mainGitWebHook.go:119.3,123.1 2 0
github.com/amandx36/Pipeline-Auditor/internal/webhook/github/mainGitWebHook.go:125.2,126.1 4 1
github.com/amandx36/Pipeline-Auditor/internal/webhook/github/mainGitWebHook.go:127.2,129.16 4 1
github.com/amandx36/Pipeline-Auditor/internal/webhook/github/mainGitWebHook.go:130.3,135.1 3 1
github.com/amandx36/Pipeline-Auditor/internal/webhook/github/mainGitWebHook.go:136.2,136.21 1 1
github.com/amandx36/Pipeline-Auditor/internal/webhook/github/mainGitWebHook.go:137.3,143.1 1 1
github.com/amandx36/Pipeline-Auditor/internal/webhook/github/mainGitWebHook.go:145.2,145.33 1 1
github.com/amandx36/Pipeline-Auditor/internal/webhook/github/verify.go:17.2,18.1 5 1
github.com/amandx36/Pipeline-Auditor/internal/webhook/github/verify.go:20.2,22.1 5 1
github.com/amandx36/Pipeline-Auditor/internal/webhook/github/verify.go:23.2,24.24 5 1
github.com/amandx36/Pipeline-Auditor/internal/webhook/github/verify.go:25.3,27.1 2 0
github.com/amandx36/Pipeline-Auditor/internal/webhook/github/verify.go:30.2,31.1 2 1
github.com/amandx36/Pipeline-Auditor/internal/webhook/github/verify.go:32.2,32.56 2 1
github.com/amandx36/Pipeline-Auditor/internal/webhook/github/verify.go:33.3,35.1 2 0
github.com/amandx36/Pipeline-Auditor/internal/webhook/github/verify.go:37.2,38.1 3 1
github.com/amandx36/Pipeline-Auditor/internal/webhook/github/verify.go:39.2,40.1 3 1
github.com/amandx36/Pipeline-Auditor/internal/webhook/github/verify.go:41.2,41.69 3 1
github.com/amandx36/Pipeline-Auditor/internal/webhook/github/verify.go:43.3,46.1 2 1
github.com/amandx36/Pipeline-Auditor/internal/webhook/github/verify.go:47.3,48.1 2 1
github.com/amandx36/Pipeline-Auditor/internal/webhook/github/verify.go:50.2,56.1 5 1
github.com/amandx36/Pipeline-Auditor/internal/webhook/github/verify.go:57.2,58.1 5 1
github.com/amandx36/Pipeline-Auditor/internal/webhook/github/verify.go:59.2,59.13 5 1
github.com/amandx36/Pipeline-Auditor/gen/collector/collector.pb.go:44.2,48.1 4 0
github.com/amandx36/Pipeline-Auditor/gen/collector/collector.pb.go:51.2,52.1 1 0
github.com/amandx36/Pipeline-Auditor/gen/collector/collector.pb.go:54.39,54.39 0 0
github.com/amandx36/Pipeline-Auditor/gen/collector/collector.pb.go:57.2,58.14 2 0
github.com/amandx36/Pipeline-Auditor/gen/collector/collector.pb.go:59.3,60.34 2 0
github.com/amandx36/Pipeline-Auditor/gen/collector/collector.pb.go:61.4,62.1 1 0
github.com/amandx36/Pipeline-Auditor/gen/collector/collector.pb.go:63.3,63.12 1 0
github.com/amandx36/Pipeline-Auditor/gen/collector/collector.pb.go:65.2,65.24 1 0
github.com/amandx36/Pipeline-Auditor/gen/collector/collector.pb.go:70.2,71.1 1 0
github.com/amandx36/Pipeline-Auditor/gen/collector/collector.pb.go:74.2,74.14 1 0
github.com/amandx36/Pipeline-Auditor/gen/collector/collector.pb.go:75.3,76.1 1 0
github.com/amandx36/Pipeline-Auditor/gen/collector/collector.pb.go:77.2,77.11 1 0
github.com/amandx36/Pipeline-Auditor/gen/collector/collector.pb.go:81.2,81.14 1 0
github.com/amandx36/Pipeline-Auditor/gen/collector/collector.pb.go:82.3,83.1 1 0
github.com/amandx36/Pipeline-Auditor/gen/collector/collector.pb.go:84.2,84.11 1 0
github.com/amandx36/Pipeline-Auditor/gen/collector/collector.pb.go:88.2,88.14 1 0
github.com/amandx36/Pipeline-Auditor/gen/collector/collector.pb.go:89.3,90.1 1 0
github.com/amandx36/Pipeline-Auditor/gen/collector/collector.pb.go:91.2,91.11 1 0
github.com/amandx36/Pipeline-Auditor/gen/collector/collector.pb.go:95.2,95.14 1 0
github.com/amandx36/Pipeline-Auditor/gen/collector/collector.pb.go:96.3,97.1 1 0
github.com/amandx36/Pipeline-Auditor/gen/collector/collector.pb.go:98.2,98.10 1 0
github.com/amandx36/Pipeline-Auditor/gen/collector/collector.pb.go:102.2,102.14 1 0
github.com/amandx36/Pipeline-Auditor/gen/collector/collector.pb.go:103.3,104.1 1 0
github.com/amandx36/Pipeline-Auditor/gen/collector/collector.pb.go:105.2,105.10 1 0
github.com/amandx36/Pipeline-Auditor/gen/collector/collector.pb.go:109.2,109.14 1 0
github.com/amandx36/Pipeline-Auditor/gen/collector/collector.pb.go:110.3,111.1 1 0
github.com/amandx36/Pipeline-Auditor/gen/collector/collector.pb.go:112.2,112.11 1 0
github.com/amandx36/Pipeline-Auditor/gen/collector/collector.pb.go:116.2,116.14 1 0
github.com/amandx36/Pipeline-Auditor/gen/collector/collector.pb.go:117.3,118.1 1 0
github.com/amandx36/Pipeline-Auditor/gen/collector/collector.pb.go:119.2,119.11 1 0
github.com/amandx36/Pipeline-Auditor/gen/collector/collector.pb.go:123.2,123.14 1 0
github.com/amandx36/Pipeline-Auditor/gen/collector/collector.pb.go:124.3,125.1 1 0
github.com/amandx36/Pipeline-Auditor/gen/collector/collector.pb.go:126.2,126.11 1 0
github.com/amandx36/Pipeline-Auditor/gen/collector/collector.pb.go:130.2,130.14 1 0
github.com/amandx36/Pipeline-Auditor/gen/collector/collector.pb.go:131.3,132.1 1 0
github.com/amandx36/Pipeline-Auditor/gen/collector/collector.pb.go:133.2,133.11 1 0
github.com/amandx36/Pipeline-Auditor/gen/collector/collector.pb.go:137.2,137.14 1 0
github.com/amandx36/Pipeline-Auditor/gen/collector/collector.pb.go:138.3,139.1 1 0
github.com/amandx36/Pipeline-Auditor/gen/collector/collector.pb.go:140.2,140.11 1 0
github.com/amandx36/Pipeline-Auditor/gen/collector/collector.pb.go:144.2,144.14 1 0
github.com/amandx36/Pipeline-Auditor/gen/collector/collector.pb.go:145.3,146.1 1 0
github.com/amandx36/Pipeline-Auditor/gen/collector/collector.pb.go:147.2,147.11 1 0
github.com/amandx36/Pipeline-Auditor/gen/collector/collector.pb.go:151.2,151.14 1 0
github.com/amandx36/Pipeline-Auditor/gen/collector/collector.pb.go:152.3,153.1 1 0
github.com/amandx36/Pipeline-Auditor/gen/collector/collector.pb.go:154.2,154.11 1 0
github.com/amandx36/Pipeline-Auditor/gen/collector/collector.pb.go:158.2,158.14 1 0
github.com/amandx36/Pipeline-Auditor/gen/collector/collector.pb.go:159.3,160.1 1 0
github.com/amandx36/Pipeline-Auditor/gen/collector/collector.pb.go:161.2,161.11 1 0
github.com/amandx36/Pipeline-Auditor/gen/collector/collector.pb.go:172.2,176.1 4 0
github.com/amandx36/Pipeline-Auditor/gen/collector/collector.pb.go:179.2,180.1 1 0
github.com/amandx36/Pipeline-Auditor/gen/collector/collector.pb.go:182.44,182.44 0 0
github.com/amandx36/Pipeline-Auditor/gen/collector/collector.pb.go:185.2,186.14 2 0
github.com/amandx36/Pipeline-Auditor/gen/collector/collector.pb.go:187.3,188.34 2 0
github.com/amandx36/Pipeline-Auditor/gen/collector/collector.pb.go:189.4,190.1 1 0
github.com/amandx36/Pipeline-Auditor/gen/collector/collector.pb.go:191.3,191.12 1 0
github.com/amandx36/Pipeline-Auditor/gen/collector/collector.pb.go:193.2,193.24 1 0
github.com/amandx36/Pipeline-Auditor/gen/collector/collector.pb.go:198.2,199.1 1 0
github.com/amandx36/Pipeline-Auditor/gen/collector/collector.pb.go:202.2,202.14 1 0
github.com/amandx36/Pipeline-Auditor/gen/collector/collector.pb.go:203.3,204.1 1 0
github.com/amandx36/Pipeline-Auditor/gen/collector/collector.pb.go:205.2,205.12 1 0
github.com/amandx36/Pipeline-Auditor/gen/collector/collector.pb.go:218.2,222.1 4 0
github.com/amandx36/Pipeline-Auditor/gen/collector/collector.pb.go:225.2,226.1 1 0
github.com/amandx36/Pipeline-Auditor/gen/collector/collector.pb.go:228.45,228.45 0 0
github.com/amandx36/Pipeline-Auditor/gen/collector/collector.pb.go:231.2,232.14 2 0
github.com/amandx36/Pipeline-Auditor/gen/collector/collector.pb.go:233.3,234.34 2 0
github.com/amandx36/Pipeline-Auditor/gen/collector/collector.pb.go:235.4,236.1 1 0
github.com/amandx36/Pipeline-Auditor/gen/collector/collector.pb.go:237.3,237.12 1 0
github.com/amandx36/Pipeline-Auditor/gen/collector/collector.pb.go:239.2,239.24 1 0
github.com/amandx36/Pipeline-Auditor/gen/collector/collector.pb.go:244.2,245.1 1 0
github.com/amandx36/Pipeline-Auditor/gen/collector/collector.pb.go:248.2,248.14 1 0
github.com/amandx36/Pipeline-Auditor/gen/collector/collector.pb.go:249.3,250.1 1 0
github.com/amandx36/Pipeline-Auditor/gen/collector/collector.pb.go:251.2,251.14 1 0
github.com/amandx36/Pipeline-Auditor/gen/collector/collector.pb.go:255.2,255.14 1 0
github.com/amandx36/Pipeline-Auditor/gen/collector/collector.pb.go:256.3,257.1 1 0
github.com/amandx36/Pipeline-Auditor/gen/collector/collector.pb.go:258.2,258.11 1 0
github.com/amandx36/Pipeline-Auditor/gen/collector/collector.pb.go:262.2,262.14 1 0
github.com/amandx36/Pipeline-Auditor/gen/collector/collector.pb.go:263.3,264.1 1 0
github.com/amandx36/Pipeline-Auditor/gen/collector/collector.pb.go:265.2,265.11 1 0
github.com/amandx36/Pipeline-Auditor/gen/collector/collector.pb.go:311.2,311.61 1 0
github.com/amandx36/Pipeline-Auditor/gen/collector/collector.pb.go:312.3,313.1 1 0
github.com/amandx36/Pipeline-Auditor/gen/collector/collector.pb.go:314.2,314.57 1 0
github.com/amandx36/Pipeline-Auditor/gen/collector/collector.pb.go:334.15,334.60 1 0
github.com/amandx36/Pipeline-Auditor/gen/collector/collector.pb.go:336.2,336.49 1 0
github.com/amandx36/Pipeline-Auditor/gen/collector/collector.pb.go:337.3,338.1 1 0
github.com/amandx36/Pipeline-Auditor/gen/collector/collector.pb.go:339.2,355.52 5 0
github.com/amandx36/Pipeline-Auditor/gen/collector/collector_grpc.pb.go:37.2,38.1 1 0
github.com/amandx36/Pipeline-Auditor/gen/collector/collector_grpc.pb.go:41.2,44.16 4 0
github.com/amandx36/Pipeline-Auditor/gen/collector/collector_grpc.pb.go:45.3,46.1 1 0
github.com/amandx36/Pipeline-Auditor/gen/collector/collector_grpc.pb.go:47.2,47.17 1 0
github.com/amandx36/Pipeline-Auditor/gen/collector/collector_grpc.pb.go:66.2,67.1 1 0
github.com/amandx36/Pipeline-Auditor/gen/collector/collector_grpc.pb.go:68.84,68.84 0 0
github.com/amandx36/Pipeline-Auditor/gen/collector/collector_grpc.pb.go:69.84,69.84 0 0
github.com/amandx36/Pipeline-Auditor/gen/collector/collector_grpc.pb.go:83.2,83.59 1 0
github.com/amandx36/Pipeline-Auditor/gen/collector/collector_grpc.pb.go:84.3,85.1 1 0
github.com/amandx36/Pipeline-Auditor/gen/collector/collector_grpc.pb.go:86.2,86.51 1 0
github.com/amandx36/Pipeline-Auditor/gen/collector/collector_grpc.pb.go:90.2,91.32 2 0
github.com/amandx36/Pipeline-Auditor/gen/collector/collector_grpc.pb.go:92.3,93.1 1 0
github.com/amandx36/Pipeline-Auditor/gen/collector/collector_grpc.pb.go:94.2,94.24 1 0
github.com/amandx36/Pipeline-Auditor/gen/collector/collector_grpc.pb.go:95.3,96.1 1 0
github.com/amandx36/Pipeline-Auditor/gen/collector/collector_grpc.pb.go:97.2,100.1 2 0
github.com/amandx36/Pipeline-Auditor/gen/collector/collector_grpc.pb.go:101.2,101.77 2 0
github.com/amandx36/Pipeline-Auditor/gen/collector/collector_grpc.pb.go:102.3,103.1 1 0
github.com/amandx36/Pipeline-Auditor/gen/collector/collector_grpc.pb.go:104.2,104.44 1 0
github.com/amandx36/Pipeline-Auditor/cmd/server/server.go:18.2,20.1 3 0
github.com/amandx36/Pipeline-Auditor/cmd/server/server.go:21.2,21.16 3 0
github.com/amandx36/Pipeline-Auditor/cmd/server/server.go:22.3,23.1 1 0
github.com/amandx36/Pipeline-Auditor/cmd/server/server.go:25.2,26.1 3 0
github.com/amandx36/Pipeline-Auditor/cmd/server/server.go:27.2,28.16 3 0
github.com/amandx36/Pipeline-Auditor/cmd/server/server.go:29.3,30.1 1 0
github.com/amandx36/Pipeline-Auditor/cmd/server/server.go:32.2,32.56 1 0
github.com/amandx36/Pipeline-Auditor/cmd/server/server.go:33.3,34.1 1 0
github.com/amandx36/Pipeline-Auditor/cmd/server/server.go:36.2,37.1 2 0
github.com/amandx36/Pipeline-Auditor/cmd/server/server.go:38.2,38.44 2 0
github.com/amandx36/Pipeline-Auditor/cmd/server/server.go:39.3,40.1 1 0
github.com/amandx36/Pipeline-Auditor/cmd/server/server.go:44.2,45.1 1 0
